// Jest Snapshot v1, https://goo.gl/fbAQLP

exports[`Pruebas en <FirstApp/> debe de hacer match con el snapshopt 1`] = `
<div>
  <h1
    data-testid="test-title"
  >
     
    Hola, soy Goku
     
  </h1>
  <p>
    Soy un subtitulo
  </p>
  <p>
    Soy un subtitulo
  </p>
  <p>
    Gustavo Ortiz!!
  </p>
</div>
`;
